VAR IDENTIFIER EQUAL NUMBER SEMICOLON VAR IDENTIFIER EQUAL NUMBER SEMICOLON LEFT_PAREN RIGHT_PAREN AND STAR IF CLASS 